<?xml version="1.0" encoding="utf-8"?>
<TestRun id="568c1fed-6f62-4144-b52c-cd775b68aa13" name="@JKPHVQ1XK9 2026-05-28 08:08:44" xmlns="http://microsoft.com/schemas/VisualStudio/TeamTest/2010">
  <Times creation="2026-05-28T08:08:44.3378220-07:00" queuing="2026-05-28T08:08:44.3378220-07:00" start="2026-05-28T08:08:44.2792570-07:00" finish="2026-05-28T08:08:44.3380910-07:00" />
  <TestSettings name="default" id="1a057993-eeb9-4dd9-93c9-5a81720469c1">
    <Deployment runDeploymentRoot="_JKPHVQ1XK9_2026-05-28_08_08_44" />
  </TestSettings>
  <TestLists>
    <TestList name="Results Not in a List" id="8c84fa94-04c1-424b-9868-57a2d4851a1d" />
    <TestList name="All Loaded Results" id="19431567-8539-422a-85d7-44ee4e166bda" />
  </TestLists>
  <ResultSummary outcome="Failed">
    <Counters total="0" executed="0" passed="0" failed="0" error="0" timeout="0" aborted="0" inconclusive="0" passedButRunAborted="0" notRunnable="0" notExecuted="0" disconnected="0" warning="0" completed="0" inProgress="0" pending="0" />
    <RunInfos>
      <RunInfo computerName="JKPHVQ1XK9" outcome="Error" timestamp="2026-05-28T08:08:44.3164870-07:00">
        <Text>System.Net.Sockets.SocketException (13): Permission denied
   at System.Net.Sockets.Socket.UpdateStatusAfterSocketErrorAndThrowException(SocketError error, Boolean disconnectOnFailure, String callerName)
   at System.Net.Sockets.Socket.DoBind(EndPoint endPointSnapshot, SocketAddress socketAddress)
   at System.Net.Sockets.Socket.Bind(EndPoint localEP)
   at System.Net.Sockets.TcpListener.Start(Int32 backlog)
   at Microsoft.VisualStudio.TestPlatform.CommunicationUtilities.SocketServer.Start(String endPoint) in /_/src/vstest/src/Microsoft.TestPlatform.CommunicationUtilities/SocketServer.cs:line 65
   at Microsoft.VisualStudio.TestPlatform.CommunicationUtilities.TestRequestSender.InitializeCommunication() in /_/src/vstest/src/Microsoft.TestPlatform.CommunicationUtilities/TestRequestSender.cs:line 168
   at Microsoft.VisualStudio.TestPlatform.CrossPlatEngine.Client.ProxyOperationManager.SetupChannel(IEnumerable`1 sources, String runSettings) in /_/src/vstest/src/Microsoft.TestPlatform.CrossPlatEngine/Client/ProxyOperationManager.cs:line 207
   at Microsoft.VisualStudio.TestPlatform.CrossPlatEngine.Client.ProxyExecutionManager.InitializeTestRun(TestRunCriteria testRunCriteria, IInternalTestRunEventsHandler eventHandler) in /_/src/vstest/src/Microsoft.TestPlatform.CrossPlatEngine/Client/ProxyExecutionManager.cs:line 184</Text>
      </RunInfo>
    </RunInfos>
  </ResultSummary>
</TestRun>